Starting UML PATH/start.sh
spawn PATH single
tracing thread pid = XXXXX
Linux version XXXX
On node 0 totalpages: 8192
Kernel command line:
Calibrating delay loop... XXXX bogomips
Dentry-cache hash table entries: 4096 (order: 3, 32768 bytes)
Inode-cache hash table entries: 2048 (order: 2, 16384 bytes)
Mount-cache hash table entries: 512 (order: 0, 4096 bytes)
Buffer-cache hash table entries: 1024 (order: 0, 4096 bytes)
Page-cache hash table entries: 8192 (order: 3, 32768 bytes)
POSIX conformance testing by UNIFIX
Linux NET4.0 for Linux 2.4
Based upon Swansea University Computer Society NET3.039
Initializing RT netlink socket
Starting kswapd
VFS: Diskquotas version dquot_6.4.0 initialized
devfs: VERSION Richard Gooch (rgooch@atnf.csiro.au)
devfs: boot_options Q
pty: 256 Unix98 ptys configured
block: slots and queues
RAMDISK driver initialized: 16 RAM disks of 4096K size 1024 blocksize
SLIP: version 0.8.4-NET3.019-NEWTTY (dynamic channels, max=256).
loop: loaded (max 8 devices)
PPP generic driver version 2.4.1
Universal TUN/TAP device driver 1.4 (C)1999-2001 Maxim Krasnyansky
NET4: Linux TCP/IP 1.0 for NET4.0
IP Protocols: ICMP, UDP, TCP
IP: routing cache hash table of 512 buckets, 4Kbytes
TCP: Hash tables configured (established 2048 bind 2048)
IPv4 over IPv4 tunneling driver
GRE over IPv4 tunneling driver
NET4: Unix domain sockets 1.0/SMP for Linux NET4.0.
Mounted devfs on /dev
INIT: version 2.78 booting
Activating swap...
Calculating module dependancies
done.
Loading modules: LIST

Checking all file systems...
Parallelizing fsck version 1.18 (11-Nov-1999)
Setting kernel variables.
Mounting local filesystems...
/dev/shm on /tmp type tmpfs (rw)
/dev/shm on /var/run type tmpfs (rw)
devpts on /dev/pts type devpts (rw,mode=0622)
none on /usr/share type hostfs (ro)
Enabling packet forwarding: done.
Configuring network interfaces: done.
Cleaning: /tmp /var/lock /var/run.
Initializing random number generator... done.
Recovering nvi editor sessions... done.
Give root password for maintenance
(or type Control-D for normal startup): 
east:~#
 klogd -c 4 -x -f /tmp/klog.log
east:~#
 TZ=GMT export TZ
east:~#
 TERM=dump export TERM
east:~#
 dd if=/etc/inetd.64k bs=255 count=1 of=/proc/net/ipsec/birth/ipv4
1+0 records in
1+0 records out
east:~#
 cat /proc/net/ipsec/birth/ipv4; echo
00000000  5e fc 16 1a 96 4a 5b 00  89 b9 e9 d5 4f 4a a5 8c  |^....J[.....OJ..|
00000010  db d5 05 db be a5 dd ab  57 f1 7e 43 42 07 b1 de  |........W.~CB...|
00000020  19 66 87 01 1c 5e 58 6b  00 c6 56 01 d9 d2 5d 86  |.f...^Xk..V...].|
00000030  48 d7 ed
east:~#
 dd if=/etc/inetd.64k skip=1 bs=255 count=1 of=/proc/net/ipsec/birth/ipv6 [Aeast:~# dd if=/etc/inetd.64k skip=1 bs=255 count=1 of=/proc/net/ipsec/birth/ipv[K6
1+0 records in
1+0 records out
east:~#
 cat /proc/net/ipsec/birth/ipv6; echo
 f4 f0 17 77 5a  40 cb 2c 41 e1 37 33 b1  |H.....wZ@.,A.73.|
00000040  27 3f 2e 4f 6e 35 50 84  24 1c 2e de 20 a3 f4 64  |'?.On5P.$... ..d|
00000050  e8 0c b5 bc b0 eb 07 fb  a9 8b ff 8d 94 b4 0a 44  |...............D|
00000060  8b 76 11 76 ce 44 1d 4c  6
east:~#
 dd if=/etc/inetd.64k skip=2 bs=255 count=1 of=/proc/net/ipsec/birth/ipv4 [Aeast:~# dd if=/etc/inetd.64k skip=2 bs=255 count=1 of=/proc/net/ipsec/birth/ipv[K4
1+0 records in
1+0 records out
east:~#
 cat /proc/net/ipsec/birth/ipv4; echo
0 74 28 1d 77 d8 15 fe  |.v.v.D.L`t(.w...|
00000070  b2 97 d4 dd cb 35 d8 ed  5f 66 a0 e7 d7 77 13 f9  |.....5.._f...w..|
00000080  ca 01 9c e8 d0 cb a2 d2  4d 42 6d f5 45 e7 bb d5  |........MBm.E...|
00000090  f4 f8 cc 42 51 f0 24 37  ae 8e 9c 94 2b 97 f
east:~#
 dd if=/etc/inetd.64k bs=255 count=2 of=/proc/net/ipsec/birth/ipv6
2+0 records in
2+0 records out
east:~#
 cat /proc/net/ipsec/birth/ipv6; echo
 f4 f0 17 77 5a  40 cb 2c 41 e1 37 33 b1  |H.....wZ@.,A.73.|
00000040  27 3f 2e 4f 6e 35 50 84  24 1c 2e de 20 a3 f4 64  |'?.On5P.$... ..d|
00000050  e8 0c b5 bc b0 eb 07 fb  a9 8b ff 8d 94 b4 0a 44  |...............D|
00000060  8b 76 11 76 ce 44 1d 4c  6
east:~#
 kill `cat /var/run/klogd.pid`; cat /tmp/klog.log
klogd 1.3-3#33.1, log source = /proc/kmsg started.
east:~#
 halt
INIT: Switching to runlevel: 0
INIT: Sending processes the TERM signal
east:~#
 INIT: Sending processes the KILL signal
Stopping domain name service: named.
Stopping internet superserver: inetd.
Stopping portmap daemon: portmap.
ipsec_setup: Stopping FreeS/WAN IPsec...
ipsec_setup: stop ordered, but IPsec does not appear to be running!
ipsec_setup: doing cleanup anyway...
Stopping system log daemon: klogd syslogd.
Sending all processes the TERM signal... done.
Sending all processes the KILL signal... done.
Unmounting remote filesystems... done.
Deactivating swap... done.
Unmounting local filesystems... done.
Power down.


