Starting UML /mara6/sandboxes/nightly/UMLPOOL/east/start.sh
spawn /mara6/sandboxes/nightly/UMLPOOL/east/start.sh single
Checking for /proc/mm...not found
Checking for the skas3 patch in the host...not found
UML running in SKAS0 mode
Checking PROT_EXEC mmap in /tmp...OK
Linux version 2.6.13 (mcr@marajade.sandelman.ottawa.on.ca) (gcc version 3.3.5 (Debian 1:3.3.5-13)) #2 Mon Sep 5 21:47:49 EDT 2005
Built 1 zonelists
Kernel command line: root=/dev/root rootfstype=hostfs rootflags=/mara6/sandboxes/nightly/UMLPOOL/east/root rw ssl=pty eth0=daemon,10:00:00:dc:bc:ff,unix,/tmp/umlDvSvId.d/private/ctl,/tmp/umlDvSvId.d/private/data eth1=daemon,10:00:00:64:64:23,unix,/tmp/umlDvSvId.d/public/ctl,/tmp/umlDvSvId.d/public/data eth2=daemon,10:00:00:32:64:23,unix,/tmp/umlDvSvId.d/admin/ctl,/tmp/umlDvSvId.d/admin/data single
PID hash table entries: 256 (order: 8, 4096 bytes)
Dentry cache hash table entries: 8192 (order: 3, 32768 bytes)
Inode-cache hash table entries: 4096 (order: 2, 16384 bytes)
Memory: 28372k available
Mount-cache hash table entries: 512
Checking for host processor cmov support...Yes
Checking for host processor xmm support...No
Checking that ptrace can change system call numbers...OK
Checking syscall emulation patch for ptrace...missing
Checking that host ptys support output SIGIO...Yes
Checking that host ptys support SIGIO on close...No, enabling workaround
Checking for /dev/anon on the host...Not available (open failed with errno 2)
NET: Registered protocol family 16
daemon_setup : Ignoring data socket specification
Netdevice 0 (10:00:00:dc:bc:ff) : daemon backend (uml_switch version 3) - unix:/tmp/umlDvSvId.d/private/ctl
daemon_setup : Ignoring data socket specification
Netdevice 1 (10:00:00:64:64:23) : daemon backend (uml_switch version 3) - unix:/tmp/umlDvSvId.d/public/ctl
daemon_setup : Ignoring data socket specification
Netdevice 2 (10:00:00:32:64:23) : daemon backend (uml_switch version 3) - unix:/tmp/umlDvSvId.d/admin/ctl
mconsole (version 2) initialized on /home/mcr/.uml/east/mconsole
VFS: Disk quotas dquot_6.5.1
Dquot-cache hash table entries: 1024 (order 0, 4096 bytes)
Initializing Cryptographic API
io scheduler noop registered
io scheduler anticipatory registered
io scheduler deadline registered
io scheduler cfq registered
RAMDISK driver initialized: 16 RAM disks of 4096K size 1024 blocksize
loop: loaded (max 8 devices)
nbd: registered device at major 43
PPP generic driver version 2.4.2
SLIP: version 0.8.4-NET3.019-NEWTTY (dynamic channels, max=256).
tun: Universal TUN/TAP device driver, 1.6
tun: (C) 1999-2004 Max Krasnyansky <maxk@qualcomm.com>
NET: Registered protocol family 2
IP route cache hash table entries: 512 (order: -1, 2048 bytes)
TCP established hash table entries: 2048 (order: 2, 16384 bytes)
TCP bind hash table entries: 2048 (order: 1, 8192 bytes)
TCP: Hash tables configured (established 2048 bind 2048)
TCP reno registered
klips_info:ipsec_init: KLIPS startup, Openswan KLIPS IPsec stack version: cvs2005Sep05_21:43:22
NET: Registered protocol family 15
klips_info:ipsec_alg_init: KLIPS alg v=0.8.1-0 (EALG_MAX=255, AALG_MAX=251)
klips_info:ipsec_alg_init: calling ipsec_alg_static_init()
ipsec_aes_init(alg_type=15 alg_id=12 name=aes): ret=0
ipsec_aes_init(alg_type=14 alg_id=9 name=aes_mac): ret=0
ipsec_3des_init(alg_type=15 alg_id=3 name=3des): ret=0
IPv4 over IPv4 tunneling driver
GRE over IPv4 tunneling driver
ip_conntrack version 2.1 (222 buckets, 1776 max) - 212 bytes per conntrack
ip_tables: (C) 2000-2002 Netfilter core team
ipt_recent v0.3.1: Stephen Frost <sfrost@snowman.net>.  http://snowman.net/projects/ipt_recent/
arp_tables: (C) 2002 David S. Miller
TCP bic registered
TCP westwood registered
TCP highspeed registered
TCP hybla registered
TCP htcp registered
TCP vegas registered
TCP scalable registered
NET: Registered protocol family 1
NET: Registered protocol family 17
Initialized stdio console driver
Console initialized on /dev/tty0
Initializing software serial port version 1
Failed to open 'root_fs', errno = 2
VFS: Mounted root (hostfs filesystem).
line_ioctl: tty0: ioctl KDSIGACCEPT called
INIT: version 2.78 booting
mount: proc already mounted
Activating swap...
Checking all file systems...
Parallelizing fsck version 1.18 (11-Nov-1999)
Setting kernel variables.
Mounting local filesystems...
mount: devpts already mounted on /dev/pts
/dev/shm on /tmp type tmpfs (rw)
/dev/shm on /var/run type tmpfs (rw)
none on /usr/share type hostfs (ro)
none on /testing type hostfs (ro,/mara6/openswan/nightly/testing)
none on /usr/src type hostfs (ro,/mara6/openswan/nightly)
none on /usr/obj type hostfs (ro,/mara6/openswan/nightly/OBJ.linux.i386)
none on /usr/local type hostfs (rw,/mara6/sandboxes/nightly/UMLPOOL/east/root/usr/local)
none on /var/tmp type hostfs (rw,/mara6/sandboxes/nightly/UMLPOOL/east/root/var/tmp)
Enabling packet forwarding: done.
Configuring network interfaces: done.
Cleaning: /tmp /var/lock /var/run.
Initializing random number generator... done.
Recovering nvi editor sessions... done.
Give root password for maintenance
(or type Control-D for normal startup): 
east:~# echo Starting loading module
Starting loading module
east:~# exec bash --noediting
east:~# ulimit -c unlimited
east:~# echo Finished loading module
Finished loading module
east:~# klogd -c 4 -x -f /tmp/klog.log
east:~# : ==== start ====
east:~# TZ=GMT export TZ
east:~# ipsec spi --clear
east:~# ipsec eroute --clear
east:~# ipsec klipsdebug --set pfkey
east:~# ipsec eroute --add --eraf inet --src 192.1.2.23/32 --dst 192.0.1.0/24 --said %reject
east:~# ipsec tncfg --attach --virtual ipsec0 --physical eth1
east:~# ifconfig ipsec0 inet 192.1.2.23 netmask 0xffffff00 broadcast 192.1.2.255 up
east:~# arp -s 192.1.2.45 10:00:00:64:64:45
east:~# arp -s 192.1.2.254 10:00:00:64:64:45
east:~# arp -s 192.0.2.1 10:00:00:64:64:45
east:~# ipsec look
east Wed Sep 28 02:39:14 GMT 2005
192.1.2.23/32      -> 192.0.1.0/24       => %reject (0)
ipsec0->eth1 mtu=16260(1500)->1500
east:~# route add -host 192.0.1.1 gw 192.1.2.45 dev ipsec0
east:~# /usr/obj/programs/ikeping/ikeping --verbose --wait 2 --inet 192.0.1.1 192.0.1.1 192.0.1.1 192.0.1.1
Sending packet to 192.0.1.1/500
Sending packet to 192.0.1.1/500
Sending packet to 192.0.1.1/500
Sending packet to 192.0.1.1/500
east:~# : ==== end ====
east:~# ipsec setup stop
IPSEC EVENT: KLIPS device ipsec0 shut down.
ipsec_setup: Stopping Openswan IPsec...
ipsec_setup: stop ordered, but IPsec does not appear to be running!
ipsec_setup: doing cleanup anyway...
east:~# kill `cat /var/run/klogd.pid`; cat /tmp/klog.log
klogd 1.3-3#33.1, log source = /proc/kmsg started.
<5>Linux version 2.6.13 (mcr@marajade.sandelman.ottawa.on.ca) (gcc version 3.3.5 (Debian 1:3.3.5-13)) #2 Mon Sep 5 21:47:49 EDT 2005
<7>On node 0 totalpages: 8192
<7>  DMA zone: 8192 pages, LIFO batch:3
<7>  Normal zone: 0 pages, LIFO batch:1
<7>  HighMem zone: 0 pages, LIFO batch:1
<4>Built 1 zonelists
<5>Kernel command line: root=/dev/root rootfstype=hostfs rootflags=/mara6/sandboxes/nightly/UMLPOOL/east/root rw ssl=pty eth0=daemon,10:00:00:dc:bc:ff,unix,/tmp/umlDvSvId.d/private/ctl,/tmp/umlDvSvId.d/private/data eth1=daemon,10:00:00:64:64:23,unix,/tmp/umlDvSvId.d/public/ctl,/tmp/umlDvSvId.d/public/data eth2=daemon,10:00:00:32:64:23,unix,/tmp/umlDvSvId.d/admin/ctl,/tmp/umlDvSvId.d/admin/data single
<4>PID hash table entries: 256 (order: 8, 4096 bytes)
<4>Dentry cache hash table entries: 8192 (order: 3, 32768 bytes)
<4>Inode-cache hash table entries: 4096 (order: 2, 16384 bytes)
<6>Memory: 28372k available
<7>Calibrating delay loop... 3683.12 BogoMIPS (lpj=18415616)
<4>Mount-cache hash table entries: 512
<4>Checking for host processor cmov support...Yes
<4>Checking for host processor xmm support...No
<4>Checking that ptrace can change system call numbers...OK
<4>Checking syscall emulation patch for ptrace...missing
<4>Checking that host ptys support output SIGIO...Yes
<4>Checking that host ptys support SIGIO on close...No, enabling workaround
<4>Checking for /dev/anon on the host...Not available (open failed with errno 2)
<6>NET: Registered protocol family 16
<4>daemon_setup : Ignoring data socket specification
<6>Netdevice 0 (10:00:00:dc:bc:ff) : daemon backend (uml_switch version 3) - unix:/tmp/umlDvSvId.d/private/ctl
<4>daemon_setup : Ignoring data socket specification
<6>Netdevice 1 (10:00:00:64:64:23) : daemon backend (uml_switch version 3) - unix:/tmp/umlDvSvId.d/public/ctl
<4>daemon_setup : Ignoring data socket specification
<6>Netdevice 2 (10:00:00:32:64:23) : daemon backend (uml_switch version 3) - unix:/tmp/umlDvSvId.d/admin/ctl
<4>mconsole (version 2) initialized on /home/mcr/.uml/east/mconsole
<5>VFS: Disk quotas dquot_6.5.1
<4>Dquot-cache hash table entries: 1024 (order 0, 4096 bytes)
<6>Initializing Cryptographic API
<6>io scheduler noop registered
<6>io scheduler anticipatory registered
<6>io scheduler deadline registered
<6>io scheduler cfq registered
<4>RAMDISK driver initialized: 16 RAM disks of 4096K size 1024 blocksize
<6>loop: loaded (max 8 devices)
<6>nbd: registered device at major 43
<6>PPP generic driver version 2.4.2
<6>SLIP: version 0.8.4-NET3.019-NEWTTY (dynamic channels, max=256).
<6>tun: Universal TUN/TAP device driver, 1.6
<6>tun: (C) 1999-2004 Max Krasnyansky <maxk@qualcomm.com>
<6>NET: Registered protocol family 2
<4>IP route cache hash table entries: 512 (order: -1, 2048 bytes)
<4>TCP established hash table entries: 2048 (order: 2, 16384 bytes)
<4>TCP bind hash table entries: 2048 (order: 1, 8192 bytes)
<6>TCP: Hash tables configured (established 2048 bind 2048)
<6>TCP reno registered
<6>klips_info:ipsec_init: KLIPS startup, Openswan KLIPS IPsec stack version: cvs2005Sep05_21:43:22
<6>NET: Registered protocol family 15
<6>klips_info:ipsec_alg_init: KLIPS alg v=0.8.1-0 (EALG_MAX=255, AALG_MAX=251)
<6>klips_info:ipsec_alg_init: calling ipsec_alg_static_init()
<4>ipsec_aes_init(alg_type=15 alg_id=12 name=aes): ret=0
<4>ipsec_aes_init(alg_type=14 alg_id=9 name=aes_mac): ret=0
<4>ipsec_3des_init(alg_type=15 alg_id=3 name=3des): ret=0
<6>IPv4 over IPv4 tunneling driver
<6>GRE over IPv4 tunneling driver
<4>ip_conntrack version 2.1 (222 buckets, 1776 max) - 212 bytes per conntrack
<4>ip_tables: (C) 2000-2002 Netfilter core team
<6>ipt_recent v0.3.1: Stephen Frost <sfrost@snowman.net>.  http://snowman.net/projects/ipt_recent/
<4>arp_tables: (C) 2002 David S. Miller
<6>TCP bic registered
<6>TCP westwood registered
<6>TCP highspeed registered
<6>TCP hybla registered
<6>TCP htcp registered
<6>TCP vegas registered
<6>TCP scalable registered
<6>NET: Registered protocol family 1
<6>NET: Registered protocol family 17
<6>Initialized stdio console driver
<4>Console initialized on /dev/tty0
<6>Initializing software serial port version 1
<4>Failed to open 'root_fs', errno = 2
<4>VFS: Mounted root (hostfs filesystem).
<6>line_ioctl: tty0: ioctl KDSIGACCEPT called
<7>Something isn't implemented in here
<7>Something isn't implemented in here
<7>Something isn't implemented in here
<7>Something isn't implemented in here
<7>Something isn't implemented in here
<7>Something isn't implemented in here
<4>
<6>klips_debug:pfkey_x_debug_process: set
<6>klips_debug:pfkey_msg_interp: parsing message type 16(x-debug) with msg_parser 0pa0196d50.
<6>klips_debug:pfkey_x_msg_debug_parse: .
<6>klips_debug:pfkey_release: sock=0pa08ae040 sk=0pa0a59e00
<6>klips_debug:pfkey_destroy_socket: 0pa0a59e00
<6>klips_debug:pfkey_remove_socket: 0pa0a59e00
<6>klips_debug:pfkey_destroy_socket: pfkey_remove_socket called, sk=0pa0a59e00
<6>klips_debug:pfkey_destroy_socket: sk(0pa0a59e00)->(&0pa0a59e4c)receive_queue.{next=0pa0a59e4c,prev=0pa0a59e4c}.
<6>klips_debug:pfkey_destroy_socket: destroyed.
<6>klips_debug:pfkey_list_remove_socket: removing sock=0pa08ae040
<6>klips_debug:pfkey_list_remove_socket: removing sock=0pa08ae040
<6>klips_debug:pfkey_list_remove_socket: removing sock=0pa08ae040
<6>klips_debug:pfkey_list_remove_socket: removing sock=0pa08ae040
<6>klips_debug:pfkey_list_remove_socket: removing sock=0pa08ae040
<6>klips_debug:pfkey_list_remove_socket: removing sock=0pa08ae040
<6>klips_debug:pfkey_list_remove_socket: removing sock=0pa08ae040
<6>klips_debug:pfkey_list_remove_socket: removing sock=0pa08ae040
<6>klips_debug:pfkey_list_remove_socket: removing sock=0pa08ae040
<6>klips_debug:pfkey_list_remove_socket: removing sock=0pa08ae040
<6>klips_debug:pfkey_list_remove_socket: removing sock=0pa08ae040
<6>klips_debug:pfkey_list_remove_socket: removing sock=0pa08ae040
<6>klips_debug:pfkey_list_remove_socket: removing sock=0pa08ae040
<6>klips_debug:pfkey_release: succeeded.
<6>klips_debug:pfkey_create: sock=0pa08ae040 type:3 state:1 flags:0 protocol:2
<6>klips_debug:pfkey_create: sock->fasync_list=0p00000000 sk->sleep=0pa08ae058.
<6>klips_debug:pfkey_insert_socket: sk=0pa0a59e00
<6>klips_debug:pfkey_list_insert_socket: allocating 8 bytes for socketp=0pa08ae040
<6>klips_debug:pfkey_create: Socket sock=0pa08ae040 sk=0pa0a59e00 initialised.
<6>klips_debug:pfkey_sendmsg: .
<6>klips_debug:pfkey_sendmsg: allocating 184 bytes for downward message.
<6>klips_debug:pfkey_sendmsg: msg sent for parsing.
<6>klips_debug:pfkey_msg_interp: parsing message ver=2, type=14, errno=0, satype=11(INT), len=23, res=0, seq=1, pid=826.
<6>klips_debug:pfkey_msg_interp: allocated extr->ips=0pa0989000.
<6>klips_debug:pfkey_msg_interp: satype 11 lookups to proto=61.
<6>klips_debug:pfkey_msg_parse: parsing message ver=2, type=14(x-addflow(eroute)), errno=0, satype=11(INT), len=23, res=0, seq=1, pid=826.
<6>klips_debug:pfkey_msg_parse: satype 11(INT) conversion to proto gives 61 for msg_type 14(x-addflow(eroute)).
<6>klips_debug:pfkey_msg_parse: remain=21
<6>klips_debug:pfkey_msg_parse: extensions permitted=05e00c63, required=01e00043.
<6>klips_debug:pfkey_msg_parse: parsing ext type=1(security-association) remain=21.
<6>klips_debug:pfkey_msg_parse: remain=21 ext_type=1(security-association) ext_len=3 parsing ext 0pa09711f0 with parser pfkey_sa_parse.
<6>klips_debug:pfkey_sa_parse: successfully found len=3 exttype=1(security-association) spi=00000102 replay=0 state=0 auth=0 encrypt=0 flags=0 ref=-1.
<6>klips_debug:pfkey_msg_parse: Extension 1(security-association) parsed.
<6>klips_debug:pfkey_msg_parse: parsing ext type=5(source-address) remain=18.
<6>klips_debug:pfkey_msg_parse: remain=18 ext_type=5(source-address) ext_len=3 parsing ext 0pa0971208 with parser pfkey_address_parse.
<6>klips_debug:pfkey_address_parse: found exttype=5(source-address) family=2(AF_INET) address=0.0.0.0 proto=0 port=0.
<6>klips_debug:pfkey_address_parse: successful.
<6>klips_debug:pfkey_msg_parse: Extension 5(source-address) parsed.
<6>klips_debug:pfkey_msg_parse: parsing ext type=6(destination-address) remain=15.
<6>klips_debug:pfkey_msg_parse: remain=15 ext_type=6(destination-address) ext_len=3 parsing ext 0pa0971220 with parser pfkey_address_parse.
<6>klips_debug:pfkey_address_parse: found exttype=6(destination-address) family=2(AF_INET) address=0.0.0.0 proto=0 port=0.
<6>klips_debug:pfkey_address_parse: successful.
<6>klips_debug:pfkey_msg_parse: Extension 6(destination-address) parsed.
<6>klips_debug:pfkey_msg_parse: parsing ext type=21(X-source-flow-address) remain=12.
<6>klips_debug:pfkey_msg_parse: remain=12 ext_type=21(X-source-flow-address) ext_len=3 parsing ext 0pa0971238 with parser pfkey_address_parse.
<6>klips_debug:pfkey_address_parse: found exttype=21(X-source-flow-address) family=2(AF_INET) address=192.1.2.23 proto=0 port=0.
<6>klips_debug:pfkey_address_parse: successful.
<6>klips_debug:pfkey_msg_parse: Extension 21(X-source-flow-address) parsed.
<6>klips_debug:pfkey_msg_parse: parsing ext type=22(X-dest-flow-address) remain=9.
<6>klips_debug:pfkey_msg_parse: remain=9 ext_type=22(X-dest-flow-address) ext_len=3 parsing ext 0pa0971250 with parser pfkey_address_parse.
<6>klips_debug:pfkey_address_parse: found exttype=22(X-dest-flow-address) family=2(AF_INET) address=192.0.1.0 proto=0 port=0.
<6>klips_debug:pfkey_address_parse: successful.
<6>klips_debug:pfkey_msg_parse: Extension 22(X-dest-flow-address) parsed.
<6>klips_debug:pfkey_msg_parse: parsing ext type=23(X-source-mask) remain=6.
<6>klips_debug:pfkey_msg_parse: remain=6 ext_type=23(X-source-mask) ext_len=3 parsing ext 0pa0971268 with parser pfkey_address_parse.
<6>klips_debug:pfkey_address_parse: found exttype=23(X-source-mask) family=2(AF_INET) address=255.255.255.255 proto=0 port=0.
<6>klips_debug:pfkey_address_parse: successful.
<6>klips_debug:pfkey_msg_parse: Extension 23(X-source-mask) parsed.
<6>klips_debug:pfkey_msg_parse: parsing ext type=24(X-dest-mask) remain=3.
<6>klips_debug:pfkey_msg_parse: remain=3 ext_type=24(X-dest-mask) ext_len=3 parsing ext 0pa0971280 with parser pfkey_address_parse.
<6>klips_debug:pfkey_address_parse: found exttype=24(X-dest-mask) family=2(AF_INET) address=255.255.255.0 proto=0 port=0.
<6>klips_debug:pfkey_address_parse: successful.
<6>klips_debug:pfkey_msg_parse: Extension 24(X-dest-mask) parsed.
<6>klips_debug:pfkey_msg_parse: extensions permitted=05e00c63, seen=01e00063, required=01e00043.
<6>klips_debug:pfkey_msg_interp: processing ext 1 0pa09711f0 with processor 0pa0197fc0.
<6>klips_debug:pfkey_sa_process: .
<6>klips_debug:pfkey_msg_interp: processing ext 5 0pa0971208 with processor 0pa0198310.
<6>klips_debug:pfkey_address_process:
<6>klips_debug:pfkey_address_process: found address family=2, AF_INET, 0.0.0.0.
<6>klips_debug:pfkey_address_process: found src address.
<6>klips_debug:pfkey_address_process: allocating 16 bytes for saddr.
<6>klips_debug:pfkey_address_process: successful.
<6>klips_debug:pfkey_msg_interp: processing ext 6 0pa0971220 with processor 0pa0198310.
<6>klips_debug:pfkey_address_process:
<6>klips_debug:pfkey_address_process: found address family=2, AF_INET, 0.0.0.0.
<6>klips_debug:pfkey_address_process: found dst address.
<6>klips_debug:pfkey_address_process: allocating 16 bytes for saddr.
<6>klips_debug:pfkey_address_process: ips_said.dst set to 0.0.0.0.
<6>klips_debug:pfkey_address_process: successful.
<6>klips_debug:pfkey_msg_interp: processing ext 21 0pa0971238 with processor 0pa0198310.
<6>klips_debug:pfkey_address_process:
<6>klips_debug:pfkey_address_process: found address family=2, AF_INET, 192.1.2.23.
<6>klips_debug:pfkey_address_process: found src flow address.
<6>klips_debug:pfkey_alloc_eroute: allocating 192 bytes for an eroute at 0pa0971120
<6>klips_debug:pfkey_address_parse: extr->eroute set to 192.1.2.23/0:0->0.0.0.0/0:0
<6>klips_debug:pfkey_address_process: successful.
<6>klips_debug:pfkey_msg_interp: processing ext 22 0pa0971250 with processor 0pa0198310.
<6>klips_debug:pfkey_address_process:
<6>klips_debug:pfkey_address_process: found address family=2, AF_INET, 192.0.1.0.
<6>klips_debug:pfkey_address_process: found dst flow address.
<6>klips_debug:pfkey_alloc_eroute: eroute struct already allocated
<6>klips_debug:pfkey_address_parse: extr->eroute set to 192.1.2.23/0:0->192.0.1.0/0:0
<6>klips_debug:pfkey_address_process: successful.
<6>klips_debug:pfkey_msg_interp: processing ext 23 0pa0971268 with processor 0pa0198310.
<6>klips_debug:pfkey_address_process:
<6>klips_debug:pfkey_address_process: found address family=2, AF_INET, 255.255.255.255.
<6>klips_debug:pfkey_address_process: found src mask address.
<6>klips_debug:pfkey_alloc_eroute: eroute struct already allocated
<6>klips_debug:pfkey_address_parse: extr->eroute set to 192.1.2.23/32:0->192.0.1.0/0:0
<6>klips_debug:pfkey_address_process: successful.
<6>klips_debug:pfkey_msg_interp: processing ext 24 0pa0971280 with processor 0pa0198310.
<6>klips_debug:pfkey_address_process:
<6>klips_debug:pfkey_address_process: found address family=2, AF_INET, 255.255.255.0.
<6>klips_debug:pfkey_address_process: found dst mask address.
<6>klips_debug:pfkey_alloc_eroute: eroute struct already allocated
<6>klips_debug:pfkey_address_parse: extr->eroute set to 192.1.2.23/32:0->192.0.1.0/24:0
<6>klips_debug:pfkey_address_process: successful.
<6>klips_debug:pfkey_msg_interp: parsing message type 14(x-addflow(eroute)) with msg_parser 0pa0195cd0.
<6>klips_debug:pfkey_x_addflow_parse: .
<6>klips_debug:pfkey_x_addflow_parse: calling breakeroute and/or makeroute for 192.1.2.23/32->192.0.1.0/24
<6>klips_debug:pfkey_x_addflow_parse: calling makeroute.
<6>klips_debug:pfkey_x_addflow_parse: makeroute call successful.
<6>klips_debug:pfkey_msg_hdr_build:
<6>klips_debug:pfkey_msg_hdr_build: on_entry &pfkey_ext=0pa1c3f644 pfkey_ext=0pa1c3f794 *pfkey_ext=0p00000000.
<6>klips_debug:pfkey_msg_hdr_build: on_exit &pfkey_ext=0pa1c3f644 pfkey_ext=0pa1c3f794 *pfkey_ext=0pa0a57640.
<6>klips_debug:pfkey_safe_build: error=0
<6>klips_debug:pfkey_safe_build:success.
<6>klips_debug:pfkey_sa_build: spi=00000102 replay=0 sa_state=0 auth=0 encrypt=0 flags=0
<6>klips_debug:pfkey_safe_build: error=0
<6>klips_debug:pfkey_safe_build:success.
<6>klips_debug:pfkey_address_build: exttype=5 proto=0 prefixlen=0
<6>klips_debug:pfkey_address_build: found address family AF_INET.
<6>klips_debug:pfkey_address_build: found address=0.0.0.0:0.
<6>klips_debug:pfkey_address_build: successful created len: 3.
<6>klips_debug:pfkey_safe_build: error=0
<6>klips_debug:pfkey_safe_build:success.
<6>klips_debug:pfkey_address_build: exttype=6 proto=0 prefixlen=0
<6>klips_debug:pfkey_address_build: found address family AF_INET.
<6>klips_debug:pfkey_address_build: found address=0.0.0.0:0.
<6>klips_debug:pfkey_address_build: successful created len: 3.
<6>klips_debug:pfkey_safe_build: error=0
<6>klips_debug:pfkey_safe_build:success.
<6>klips_debug:pfkey_address_build: exttype=21 proto=0 prefixlen=0
<6>klips_debug:pfkey_address_build: found address family AF_INET.
<6>klips_debug:pfkey_address_build: found address=192.1.2.23:0.
<6>klips_debug:pfkey_address_build: successful created len: 3.
<6>klips_debug:pfkey_safe_build: error=0
<6>klips_debug:pfkey_safe_build:success.
<6>klips_debug:pfkey_address_build: exttype=22 proto=0 prefixlen=0
<6>klips_debug:pfkey_address_build: found address family AF_INET.
<6>klips_debug:pfkey_address_build: found address=192.0.1.0:0.
<6>klips_debug:pfkey_address_build: successful created len: 3.
<6>klips_debug:pfkey_safe_build: error=0
<6>klips_debug:pfkey_safe_build:success.
<6>klips_debug:pfkey_address_build: exttype=23 proto=0 prefixlen=0
<6>klips_debug:pfkey_address_build: found address family AF_INET.
<6>klips_debug:pfkey_address_build: found address=255.255.255.255:0.
<6>klips_debug:pfkey_address_build: successful created len: 3.
<6>klips_debug:pfkey_safe_build: error=0
<6>klips_debug:pfkey_safe_build:success.
<6>klips_debug:pfkey_address_build: exttype=24 proto=0 prefixlen=0
<6>klips_debug:pfkey_address_build: found address family AF_INET.
<6>klips_debug:pfkey_address_build: found address=255.255.255.0:0.
<6>klips_debug:pfkey_address_build: successful created len: 3.
<6>klips_debug:pfkey_safe_build: error=0
<6>klips_debug:pfkey_safe_build:success.
<6>klips_debug:pfkey_msg_build: pfkey_msg=0pa1d00ec0 allocated 184 bytes, &(extensions[0])=0pa1c3f794
<6>klips_debug:pfkey_msg_build: copying 24 bytes from extensions[1] (type=1)
<6>klips_debug:pfkey_msg_build: copying 24 bytes from extensions[5] (type=5)
<6>klips_debug:pfkey_msg_build: copying 24 bytes from extensions[6] (type=6)
<6>klips_debug:pfkey_msg_build: copying 24 bytes from extensions[21] (type=21)
<6>klips_debug:pfkey_msg_build: copying 24 bytes from extensions[22] (type=22)
<6>klips_debug:pfkey_msg_build: copying 24 bytes from extensions[23] (type=23)
<6>klips_debug:pfkey_msg_build: copying 24 bytes from extensions[24] (type=24)
<6>klips_debug:pfkey_msg_build: extensions permitted=05e00063, seen=01e00063, required=01e00043.
<6>klips_debug:pfkey_upmsg: allocating 184 bytes...
<6>klips_debug:pfkey_upmsg: ...allocated at 0pa08d3b80.
<6>klips_debug:pfkey_x_addflow_parse: sending up x_addflow reply message for satype=11(INT) (proto=61) to socket=0pa08ae040 succeeded.
<6>klips_debug:pfkey_x_addflow_parse: extr->ips cleaned up and freed.
<6>klips_debug:pfkey_release: sock=0pa08ae040 sk=0pa0a59e00
<6>klips_debug:pfkey_destroy_socket: 0pa0a59e00
<6>klips_debug:pfkey_remove_socket: 0pa0a59e00
<6>klips_debug:pfkey_destroy_socket: pfkey_remove_socket called, sk=0pa0a59e00
<6>klips_debug:pfkey_destroy_socket: sk(0pa0a59e00)->(&0pa0a59e4c)receive_queue.{next=0pa08d3b80,prev=0pa08d3b80}.
<6>klips_debug:pfkey_destroy_socket: skb=0pa08d3b80 freed.
<6>klips_debug:pfkey_destroy_socket: destroyed.
<6>klips_debug:pfkey_list_remove_socket: removing sock=0pa08ae040
<6>klips_debug:pfkey_list_remove_socket: removing sock=0pa08ae040
<6>klips_debug:pfkey_list_remove_socket: removing sock=0pa08ae040
<6>klips_debug:pfkey_list_remove_socket: removing sock=0pa08ae040
<6>klips_debug:pfkey_list_remove_socket: removing sock=0pa08ae040
<6>klips_debug:pfkey_list_remove_socket: removing sock=0pa08ae040
<6>klips_debug:pfkey_list_remove_socket: removing sock=0pa08ae040
<6>klips_debug:pfkey_list_remove_socket: removing sock=0pa08ae040
<6>klips_debug:pfkey_list_remove_socket: removing sock=0pa08ae040
<6>klips_debug:pfkey_list_remove_socket: removing sock=0pa08ae040
<6>klips_debug:pfkey_list_remove_socket: removing sock=0pa08ae040
<6>klips_debug:pfkey_list_remove_socket: removing sock=0pa08ae040
<6>klips_debug:pfkey_list_remove_socket: removing sock=0pa08ae040
<6>klips_debug:pfkey_release: succeeded.
<2>IPSEC EVENT: KLIPS device ipsec0 shut down.
<6>klips_debug:pfkey_create: sock=0pa0a65060 type:3 state:1 flags:0 protocol:2
<6>klips_debug:pfkey_create: sock->fasync_list=0p00000000 sk->sleep=0pa0a65078.
<6>klips_debug:pfkey_insert_socket: sk=0pa1d24e00
<6>klips_debug:pfkey_list_insert_socket: allocating 8 bytes for socketp=0pa0a65060
<6>klips_debug:pfkey_create: Socket sock=0pa0a65060 sk=0pa1d24e00 initialised.
<6>klips_debug:pfkey_sendmsg: .
<6>klips_debug:pfkey_sendmsg: allocating 72 bytes for downward message.
<6>klips_debug:pfkey_sendmsg: msg sent for parsing.
<6>klips_debug:pfkey_msg_interp: parsing message ver=2, type=16, errno=0, satype=0(UNKNOWN), len=9, res=0, seq=1, pid=884.
<6>klips_debug:pfkey_msg_interp: allocated extr->ips=0pa0989000.
<6>klips_debug:pfkey_msg_parse: parsing message ver=2, type=16(x-debug), errno=0, satype=0(UNKNOWN), len=9, res=0, seq=1, pid=884.
<6>klips_debug:pfkey_msg_parse: remain=7
<6>klips_debug:pfkey_msg_parse: extensions permitted=02000001, required=02000001.
<6>klips_debug:pfkey_msg_parse: parsing ext type=25(X-set-debug) remain=7.
<6>klips_debug:pfkey_msg_parse: remain=7 ext_type=25(X-set-debug) ext_len=7 parsing ext 0pa0a08c30 with parser pfkey_x_ext_debug_parse.
<6>klips_debug:pfkey_x_debug_parse: enter
<6>klips_debug:pfkey_msg_parse: Extension 25(X-set-debug) parsed.
<6>klips_debug:pfkey_msg_parse: extensions permitted=02000001, seen=02000001, required=02000001.
<6>klips_debug:pfkey_msg_interp: processing ext 25 0pa0a08c30 with processor 0pa0199060.
<6>klips_debug:pfkey_x_debug_process: .
<6>klips_debug:pfkey_x_debug_process: unset
<4>
Kernel logging (proc) stopped.
Kernel log daemon terminating.
east:~# halt -p -f
Power down.
