Starting UML /btmp/antony/ikev2/2008_01_14/UMLPOOL/east/start-netkey.sh
spawn /btmp/antony/ikev2/2008_01_14/UMLPOOL/east/start-netkey.sh single
Checking that ptrace can change system call numbers...OK
Checking syscall emulation patch for ptrace...OK
Checking advanced syscall emulation patch for ptrace...OK
Checking for tmpfs mount on /dev/shm...OK
Checking PROT_EXEC mmap in /dev/shm/...OK
Checking for the skas3 patch in the host:
  - /proc/mm...not found
  - PTRACE_FAULTINFO...not found
  - PTRACE_LDT...not found
UML running in SKAS0 mode
Checking that ptrace can change system call numbers...OK
Checking syscall emulation patch for ptrace...OK
Checking advanced syscall emulation patch for ptrace...OK
Linux version 2.6.18.6 (antony@sal) (gcc version 4.2.3 20080114 (prerelease) (Debian 4.2.2-7)) #6 Wed Feb 13 11:18:26 EST 2008
Built 1 zonelists.  Total pages: 8192
Kernel command line: initrd=/btmp/antony/ikev2/2008_01_14/UMLPOOL/initrd.uml umlroot=/btmp/antony/ikev2/2008_01_14/UMLPOOL/east/root root=/dev/ram0 rw ssl=pty eth0=daemon,10:00:00:dc:bc:ff,unix,/tmp/umlxOX7p7.d/east/ctl,/tmp/umlxOX7p7.d/east/data eth1=daemon,10:00:00:64:64:23,unix,/tmp/umlxOX7p7.d/public/ctl,/tmp/umlxOX7p7.d/public/data eth2=daemon,10:00:00:32:64:23,unix,/tmp/umlxOX7p7.d/admin/ctl,/tmp/umlxOX7p7.d/admin/data init=/linuxrc single
PID hash table entries: 256 (order: 8, 1024 bytes)
Dentry cache hash table entries: 4096 (order: 2, 16384 bytes)
Inode-cache hash table entries: 2048 (order: 1, 8192 bytes)
Memory: 27028k available
Mount-cache hash table entries: 512
Checking for host processor cmov support...Yes
Checking for host processor xmm support...No
Checking that host ptys support output SIGIO...Yes
Checking that host ptys support SIGIO on close...No, enabling workaround
checking if image is initramfs...it isn't (bad gzip magic numbers); looks like an initrd
Freeing initrd memory: 1212k freed
Using 2.6 host AIO
umid "east" is already in use by pid 29451
Failed to initialize umid "east", trying with a random umid
NET: Registered protocol family 16
NET: Registered protocol family 2
IP route cache hash table entries: 256 (order: -2, 1024 bytes)
TCP established hash table entries: 1024 (order: 0, 4096 bytes)
TCP bind hash table entries: 512 (order: -1, 2048 bytes)
TCP: Hash tables configured (established 1024 bind 512)
TCP reno registered
daemon_setup : Ignoring data socket specification
Netdevice 0 (10:00:00:dc:bc:ff) : daemon backend (uml_switch version 3) - unix:/tmp/umlxOX7p7.d/east/ctl
daemon_setup : Ignoring data socket specification
Netdevice 1 (10:00:00:64:64:23) : daemon backend (uml_switch version 3) - unix:/tmp/umlxOX7p7.d/public/ctl
daemon_setup : Ignoring data socket specification
Netdevice 2 (10:00:00:32:64:23) : daemon backend (uml_switch version 3) - unix:/tmp/umlxOX7p7.d/admin/ctl
Checking host MADV_REMOVE support...OK
mconsole (version 2) initialized on /home/antony/.uml/CV8OvL/mconsole
Host TLS support detected
Detected host type: i386
VFS: Disk quotas dquot_6.5.1
Dquot-cache hash table entries: 1024 (order 0, 4096 bytes)
Initializing Cryptographic API
io scheduler noop registered
io scheduler anticipatory registered (default)
io scheduler deadline registered
io scheduler cfq registered
RAMDISK driver initialized: 16 RAM disks of 4096K size 1024 blocksize
loop: loaded (max 8 devices)
nbd: registered device at major 43
PPP generic driver version 2.4.2
SLIP: version 0.8.4-NET3.019-NEWTTY (dynamic channels, max=256).
tun: Universal TUN/TAP device driver, 1.6
tun: (C) 1999-2004 Max Krasnyansky <maxk@qualcomm.com>
Netfilter messages via NETLINK v0.30.
IPv4 over IPv4 tunneling driver
GRE over IPv4 tunneling driver
ip_conntrack version 2.4 (211 buckets, 1688 max) - 224 bytes per conntrack
ctnetlink v0.90: registering with nfnetlink.
ip_conntrack_pptp version 3.1 loaded
ip_nat_pptp version 3.0 loaded
ip_tables: (C) 2000-2006 Netfilter Core Team
ClusterIP Version 0.8 loaded successfully
arp_tables: (C) 2002 David S. Miller
TCP bic registered
TCP westwood registered
TCP highspeed registered
TCP hybla registered
TCP htcp registered
TCP vegas registered
TCP scalable registered
Initializing IPsec netlink socket
NET: Registered protocol family 1
NET: Registered protocol family 17
NET: Registered protocol family 15
Initialized stdio console driver
Console initialized on /dev/tty0
Initializing software serial port version 1
Failed to open 'root_fs', errno = 2
RAMDISK: cramfs filesystem found at block 0
RAMDISK: Loading 1212KiB [1 disk] into ram disk... |/-\|/-\|/-\|/-\|/-\|/-\|/-\|/-\|/-\|/-\|/-\|/-\|/-\|/-\|/-\|/-\|/-\|/-\|/-\done.
VFS: Mounted root (cramfs filesystem) readonly.
MOUNTING /btmp/antony/ikev2/2008_01_14/UMLPOOL/east/root for UML testing root.
Mounting a tmpfs over /dev...done.
Creating initial device nodes...done.
Invoked with Arguments: single
Creating initial device nodes...done.
crw-r--r--    1 root     root       5,   1 Feb 15 00:40 /dev/console
line_ioctl: tty0: ioctl KDSIGACCEPT called
INIT: version 2.78 booting
/dev/root on / type hostfs (rw)
proc on /proc type proc (rw)
devpts on /dev/pts type devpts (rw,gid=5,mode=620)
/dev/shm on /tmp type tmpfs (rw)
/dev/shm on /var/run type tmpfs (rw)
none on /usr/share type hostfs (ro)
none on /testing type hostfs (ro,/home/antony/ikev2/testing)
none on /usr/src type hostfs (ro,/home/antony/ikev2)
none on /usr/obj type hostfs (ro,/home/antony/ikev2/OBJ.linux.i386)
none on /usr/local type hostfs (rw,/btmp/antony/ikev2/2008_01_14/UMLPOOL/east/root/usr/local)
none on /var/tmp type hostfs (rw,/btmp/antony/ikev2/2008_01_14/UMLPOOL/east/root/var/tmp)
none on /proc type proc (rw)
crw-r--r--    1 root     root       5,   1 Feb 15 00:40 /dev/console
mount: proc already mounted
Activating swap...
Checking all file systems...
Parallelizing fsck version 1.18 (11-Nov-1999)
Setting kernel variables.
Mounting local filesystems...
mount: devpts already mounted on /dev/pts
/dev/shm on /tmp type tmpfs (rw)
/dev/shm on /var/run type tmpfs (rw)
none on /usr/share type hostfs (ro)
none on /testing type hostfs (ro,/home/antony/ikev2/testing)
none on /usr/src type hostfs (ro,/home/antony/ikev2)
none on /usr/obj type hostfs (ro,/home/antony/ikev2/OBJ.linux.i386)
none on /usr/local type hostfs (rw,/btmp/antony/ikev2/2008_01_14/UMLPOOL/east/root/usr/local)
none on /var/tmp type hostfs (rw,/btmp/antony/ikev2/2008_01_14/UMLPOOL/east/root/var/tmp)
Enabling packet forwarding: done.
Configuring network interfaces: done.
Cleaning: /tmp /var/lock /var/run.
Initializing random number generator... done.
Recovering nvi editor sessions... done.
Give root password for maintenance
(or type Control-D for normal startup): 
east:~# echo Starting loading module
Starting loading module
east:~# exec bash --noediting
east:~# ulimit -c unlimited
east:~# echo Finished loading module
Finished loading module
east:~# klogd -c 4 -x -f /tmp/klog.log
east:~# : ==== start ====
east:~# TESTNAME=interop-ikev2-racoon-01
east:~# mkdir /tmp/racoon2
east:~# cp -r /testing/pluto/$TESTNAME/east-racoon/* /tmp/racoon2/
east:~# chmod 700 /tmp/racoon2/psk/test.psk   
east:~# /usr/local/racoon2/etc/init.d/spmd start
Starting spmd.
east:~# /usr/local/racoon2/etc/init.d/iked start
Starting iked2008-02-15 00:40:44 [INFO]: main.c:300:main(): starting iked for racoon2 20071227e
2008-02-15 00:40:44 [INFO]: main.c:303:main(): OPENSSLDIR: "/usr/lib/ssl"
2008-02-15 00:40:44 [INFO]: main.c:314:main(): reading config /tmp/racoon2/racoon2.conf
2008-02-15 00:40:44 [DEBUG]: algorithm.c:499:alg_oakley_encdef(): encryption(aes)
2008-02-15 00:40:44 [DEBUG]: algorithm.c:499:alg_oakley_encdef(): encryption(3des)
2008-02-15 00:40:44 [INTERNAL_WARN]: ike_conf.c:3769:ike_conf_check_ikev2(): remote (default) ikev2 ipsec_sa_nego_time_limit configuration field support is unimplemented, ignored
2008-02-15 00:40:44 [DEBUG]: algorithm.c:499:alg_oakley_encdef(): encryption(aes)
2008-02-15 00:40:44 [DEBUG]: algorithm.c:499:alg_oakley_encdef(): encryption(aes)
2008-02-15 00:40:44 [DEBUG]: algorithm.c:499:alg_oakley_encdef(): encryption(3des)
2008-02-15 00:40:44 [INTERNAL_WARN]: ike_conf.c:4218:ike_conf_check_consistency(): configuration errors: 0, warnings: 1
2008-02-15 00:40:44 [DEBUG]: if_spmd.c:354: spmd I/F connection ok: 220 3E54075B0C206DB98663B36611667FE30897741E
2008-02-15 00:40:44 [DEBUG]: cfsetup.c:3837: read 16 bytes
2008-02-15 00:40:44 [DEBUG]: if_spmd.c:416: spmd LOGIN ok: 250 OK
2008-02-15 00:40:44 [DEBUG]: isakmp.c:529:isakmp_open_address(): socket 5 bind 192.0.2.254[500]
2008-02-15 00:40:44 [DEBUG]: isakmp.c:529:isakmp_open_address(): socket 6 bind 192.1.2.23[500]
2008-02-15 00:40:44 [DEBUG]: isakmp.c:529:isakmp_open_address(): socket 7 bind 192.9.2.23[500]
2008-02-15 00:40:44 [DEBUG]: isakmp.c:529:isakmp_open_address(): socket 8 bind 127.0.0.1[500]
.
east:~# sleep 3
east:~# 